---
source: crates/riri-nce/tests/cli_snapshots.rs
expression: stderr
---
  Detecting lockfile...
  Detected package-lock.json
  Reading package.json...
  Read package.json
  Parsing lockfile...
  Parsed lockfile
  Computing engine constraints...
  Computed engine constraints

  All computed engines range constraints are up-to-date :)
