---
source: crates/riri-nce/tests/cli_snapshots.rs
expression: "serde_json::to_string_pretty(&json).unwrap()"
---
{
  "computed": {
    "node": ">=20.0.0",
    "npm": ">=9.6.4",
    "yarn": "*"
  },
  "changes": [
    {
      "engine": "node",
      "from": ">=18.0.0",
      "to": ">=20.0.0"
    },
    {
      "engine": "npm",
      "from": "*",
      "to": ">=9.6.4"
    }
  ],
  "lifecycle": {
    "policy": "supported",
    "data_fetched_at": "2026-04-29T00:00:00Z",
    "warnings": [],
    "dropped_disjuncts": [],
    "bumped_disjuncts": [
      {
        "from": ">=18.0.0",
        "to": ">=20.0.0"
      }
    ],
    "unsatisfiable": false
  },
  "npm_bump": {
    "target": "9.6.4",
    "applied": true,
    "reason": "declared npm 0.0.0 below floor 9.6.4"
  }
}
