---
source: crates/riri-nce/tests/cli_snapshots.rs
expression: "serde_json::to_string_pretty(&json).unwrap()"
---
{
  "computed": {
    "node": ">=20.0.0",
    "npm": ">=9.6.4",
    "yarn": "*"
  },
  "changes": [
    {
      "engine": "node",
      "from": "*",
      "to": ">=20.0.0"
    },
    {
      "engine": "npm",
      "from": "*",
      "to": ">=9.6.4"
    }
  ]
}
